Analysis & Synthesis report for mipstop
Fri Mar 21 17:47:56 2025
Quartus Prime Version 23.1std.1 Build 993 05/14/2024 SC Lite Edition


---------------------
; Table of Contents ;
---------------------
  1. Legal Notice
  2. Analysis & Synthesis Summary
  3. Analysis & Synthesis Settings
  4. Parallel Compilation
  5. Analysis & Synthesis Source Files Read
  6. Analysis & Synthesis Resource Usage Summary
  7. Analysis & Synthesis Resource Utilization by Entity
  8. Registers Removed During Synthesis
  9. General Register Statistics
 10. Multiplexer Restructuring Statistics (Restructuring Performed)
 11. Parameter Settings for User Entity Instance: datapath:dp|flopr:pcreg
 12. Parameter Settings for User Entity Instance: datapath:dp|mux2:pcbrmux
 13. Parameter Settings for User Entity Instance: datapath:dp|mux2:pcmux
 14. Parameter Settings for User Entity Instance: datapath:dp|mux2:wrmux
 15. Parameter Settings for User Entity Instance: datapath:dp|mux2:resmux
 16. Parameter Settings for User Entity Instance: datapath:dp|mux2:srcbmux
 17. Port Connectivity Checks: "datapath:dp|alu:alu"
 18. Port Connectivity Checks: "datapath:dp|mux2:pcmux"
 19. Port Connectivity Checks: "datapath:dp|adder:pcadd1"
 20. Post-Synthesis Netlist Statistics for Top Partition
 21. Elapsed Time Per Partition
 22. Analysis & Synthesis Messages
 23. Analysis & Synthesis Suppressed Messages



----------------
; Legal Notice ;
----------------
Copyright (C) 2024  Intel Corporation. All rights reserved.
Your use of Intel Corporation's design tools, logic functions 
and other software and tools, and any partner logic 
functions, and any output files from any of the foregoing 
(including device programming or simulation files), and any 
associated documentation or information are expressly subject 
to the terms and conditions of the Intel Program License 
Subscription Agreement, the Intel Quartus Prime License Agreement,
the Intel FPGA IP License Agreement, or other applicable license
agreement, including, without limitation, that your use is for
the sole purpose of programming logic devices manufactured by
Intel and sold by Intel or its authorized distributors.  Please
refer to the applicable agreement for further details, at
https://fpgasoftware.intel.com/eula.



+-------------------------------------------------------------------------------------+
; Analysis & Synthesis Summary                                                        ;
+------------------------------------+------------------------------------------------+
; Analysis & Synthesis Status        ; Successful - Fri Mar 21 17:47:56 2025          ;
; Quartus Prime Version              ; 23.1std.1 Build 993 05/14/2024 SC Lite Edition ;
; Revision Name                      ; mipstop                                        ;
; Top-level Entity Name              ; mips                                           ;
; Family                             ; MAX 10                                         ;
; Total logic elements               ; 2,744                                          ;
;     Total combinational functions  ; 1,752                                          ;
;     Dedicated logic registers      ; 1,054                                          ;
; Total registers                    ; 1054                                           ;
; Total pins                         ; 163                                            ;
; Total virtual pins                 ; 0                                              ;
; Total memory bits                  ; 0                                              ;
; Embedded Multiplier 9-bit elements ; 0                                              ;
; Total PLLs                         ; 0                                              ;
; UFM blocks                         ; 0                                              ;
; ADC blocks                         ; 0                                              ;
+------------------------------------+------------------------------------------------+


+------------------------------------------------------------------------------------------------------------+
; Analysis & Synthesis Settings                                                                              ;
+------------------------------------------------------------------+--------------------+--------------------+
; Option                                                           ; Setting            ; Default Value      ;
+------------------------------------------------------------------+--------------------+--------------------+
; Device                                                           ; 10M08DAF484C8G     ;                    ;
; Top-level entity name                                            ; mips               ; mipstop            ;
; Family name                                                      ; MAX 10             ; Cyclone V          ;
; Use smart compilation                                            ; Off                ; Off                ;
; Enable parallel Assembler and Timing Analyzer during compilation ; On                 ; On                 ;
; Enable compact report table                                      ; Off                ; Off                ;
; Restructure Multiplexers                                         ; Auto               ; Auto               ;
; Create Debugging Nodes for IP Cores                              ; Off                ; Off                ;
; Preserve fewer node names                                        ; On                 ; On                 ;
; Intel FPGA IP Evaluation Mode                                    ; Enable             ; Enable             ;
; Verilog Version                                                  ; Verilog_2001       ; Verilog_2001       ;
; VHDL Version                                                     ; VHDL_1993          ; VHDL_1993          ;
; State Machine Processing                                         ; Auto               ; Auto               ;
; Safe State Machine                                               ; Off                ; Off                ;
; Extract Verilog State Machines                                   ; On                 ; On                 ;
; Extract VHDL State Machines                                      ; On                 ; On                 ;
; Ignore Verilog initial constructs                                ; Off                ; Off                ;
; Iteration limit for constant Verilog loops                       ; 5000               ; 5000               ;
; Iteration limit for non-constant Verilog loops                   ; 250                ; 250                ;
; Add Pass-Through Logic to Inferred RAMs                          ; On                 ; On                 ;
; Infer RAMs from Raw Logic                                        ; On                 ; On                 ;
; Parallel Synthesis                                               ; On                 ; On                 ;
; DSP Block Balancing                                              ; Auto               ; Auto               ;
; NOT Gate Push-Back                                               ; On                 ; On                 ;
; Power-Up Don't Care                                              ; On                 ; On                 ;
; Remove Redundant Logic Cells                                     ; Off                ; Off                ;
; Remove Duplicate Registers                                       ; On                 ; On                 ;
; Ignore CARRY Buffers                                             ; Off                ; Off                ;
; Ignore CASCADE Buffers                                           ; Off                ; Off                ;
; Ignore GLOBAL Buffers                                            ; Off                ; Off                ;
; Ignore ROW GLOBAL Buffers                                        ; Off                ; Off                ;
; Ignore LCELL Buffers                                             ; Off                ; Off                ;
; Ignore SOFT Buffers                                              ; On                 ; On                 ;
; Limit AHDL Integers to 32 Bits                                   ; Off                ; Off                ;
; Optimization Technique                                           ; Balanced           ; Balanced           ;
; Carry Chain Length                                               ; 70                 ; 70                 ;
; Auto Carry Chains                                                ; On                 ; On                 ;
; Auto Open-Drain Pins                                             ; On                 ; On                 ;
; Perform WYSIWYG Primitive Resynthesis                            ; Off                ; Off                ;
; Auto ROM Replacement                                             ; On                 ; On                 ;
; Auto RAM Replacement                                             ; On                 ; On                 ;
; Auto DSP Block Replacement                                       ; On                 ; On                 ;
; Auto Shift Register Replacement                                  ; Auto               ; Auto               ;
; Allow Shift Register Merging across Hierarchies                  ; Auto               ; Auto               ;
; Auto Clock Enable Replacement                                    ; On                 ; On                 ;
; Strict RAM Replacement                                           ; Off                ; Off                ;
; Allow Synchronous Control Signals                                ; On                 ; On                 ;
; Force Use of Synchronous Clear Signals                           ; Off                ; Off                ;
; Auto RAM Block Balancing                                         ; On                 ; On                 ;
; Auto RAM to Logic Cell Conversion                                ; Off                ; Off                ;
; Auto Resource Sharing                                            ; Off                ; Off                ;
; Allow Any RAM Size For Recognition                               ; Off                ; Off                ;
; Allow Any ROM Size For Recognition                               ; Off                ; Off                ;
; Allow Any Shift Register Size For Recognition                    ; Off                ; Off                ;
; Use LogicLock Constraints during Resource Balancing              ; On                 ; On                 ;
; Ignore translate_off and synthesis_off directives                ; Off                ; Off                ;
; Timing-Driven Synthesis                                          ; On                 ; On                 ;
; Report Parameter Settings                                        ; On                 ; On                 ;
; Report Source Assignments                                        ; On                 ; On                 ;
; Report Connectivity Checks                                       ; On                 ; On                 ;
; Ignore Maximum Fan-Out Assignments                               ; Off                ; Off                ;
; Synchronization Register Chain Length                            ; 2                  ; 2                  ;
; Power Optimization During Synthesis                              ; Normal compilation ; Normal compilation ;
; HDL message level                                                ; Level2             ; Level2             ;
; Suppress Register Optimization Related Messages                  ; Off                ; Off                ;
; Number of Removed Registers Reported in Synthesis Report         ; 5000               ; 5000               ;
; Number of Swept Nodes Reported in Synthesis Report               ; 5000               ; 5000               ;
; Number of Inverted Registers Reported in Synthesis Report        ; 100                ; 100                ;
; Clock MUX Protection                                             ; On                 ; On                 ;
; Auto Gated Clock Conversion                                      ; Off                ; Off                ;
; Block Design Naming                                              ; Auto               ; Auto               ;
; SDC constraint protection                                        ; Off                ; Off                ;
; Synthesis Effort                                                 ; Auto               ; Auto               ;
; Shift Register Replacement - Allow Asynchronous Clear Signal     ; On                 ; On                 ;
; Pre-Mapping Resynthesis Optimization                             ; Off                ; Off                ;
; Analysis & Synthesis Message Level                               ; Medium             ; Medium             ;
; Disable Register Merging Across Hierarchies                      ; Auto               ; Auto               ;
; Resource Aware Inference For Block RAM                           ; On                 ; On                 ;
+------------------------------------------------------------------+--------------------+--------------------+


+------------------------------------------+
; Parallel Compilation                     ;
+----------------------------+-------------+
; Processors                 ; Number      ;
+----------------------------+-------------+
; Number detected on machine ; 12          ;
; Maximum allowed            ; 12          ;
;                            ;             ;
; Average used               ; 1.01        ;
; Maximum used               ; 12          ;
;                            ;             ;
; Usage by Processor         ; % Time Used ;
;     Processor 1            ; 100.0%      ;
;     Processor 2            ;   0.1%      ;
;     Processor 3            ;   0.1%      ;
;     Processor 4            ;   0.1%      ;
;     Processor 5            ;   0.1%      ;
;     Processor 6            ;   0.1%      ;
;     Processor 7            ;   0.1%      ;
;     Processor 8            ;   0.1%      ;
;     Processors 9-12        ;   0.0%      ;
+----------------------------+-------------+


+------------------------------------------------------------------------------------------------------------------------------------------------------------------------------------+
; Analysis & Synthesis Source Files Read                                                                                                                                             ;
+----------------------------------+-----------------+------------------------------+--------------------------------------------------------------------------------------+---------+
; File Name with User-Entered Path ; Used in Netlist ; File Type                    ; File Name with Absolute Path                                                         ; Library ;
+----------------------------------+-----------------+------------------------------+--------------------------------------------------------------------------------------+---------+
; ../alu stuff/zeroEX.sv           ; yes             ; User SystemVerilog HDL File  ; C:/Users/panda/Documents/ece texts books/ece 469/ECE469/lab6/alu stuff/zeroEX.sv     ;         ;
; ../alu stuff/mux4_1_32.sv        ; yes             ; User SystemVerilog HDL File  ; C:/Users/panda/Documents/ece texts books/ece 469/ECE469/lab6/alu stuff/mux4_1_32.sv  ;         ;
; ../alu stuff/mux2_1_32.sv        ; yes             ; User SystemVerilog HDL File  ; C:/Users/panda/Documents/ece texts books/ece 469/ECE469/lab6/alu stuff/mux2_1_32.sv  ;         ;
; ../alu stuff/extend1_32.sv       ; yes             ; User SystemVerilog HDL File  ; C:/Users/panda/Documents/ece texts books/ece 469/ECE469/lab6/alu stuff/extend1_32.sv ;         ;
; ../alu stuff/alu.sv              ; yes             ; User SystemVerilog HDL File  ; C:/Users/panda/Documents/ece texts books/ece 469/ECE469/lab6/alu stuff/alu.sv        ;         ;
; ../alu stuff/addof.sv            ; yes             ; User SystemVerilog HDL File  ; C:/Users/panda/Documents/ece texts books/ece 469/ECE469/lab6/alu stuff/addof.sv      ;         ;
; ../provided/mipsparts.sv         ; yes             ; User SystemVerilog HDL File  ; C:/Users/panda/Documents/ece texts books/ece 469/ECE469/lab6/provided/mipsparts.sv   ;         ;
; ../provided/mips.sv              ; yes             ; User SystemVerilog HDL File  ; C:/Users/panda/Documents/ece texts books/ece 469/ECE469/lab6/provided/mips.sv        ;         ;
+----------------------------------+-----------------+------------------------------+--------------------------------------------------------------------------------------+---------+


+---------------------------------------------------------+
; Analysis & Synthesis Resource Usage Summary             ;
+---------------------------------------------+-----------+
; Resource                                    ; Usage     ;
+---------------------------------------------+-----------+
; Estimated Total logic elements              ; 2,744     ;
;                                             ;           ;
; Total combinational functions               ; 1752      ;
; Logic element usage by number of LUT inputs ;           ;
;     -- 4 input functions                    ; 1544      ;
;     -- 3 input functions                    ; 137       ;
;     -- <=2 input functions                  ; 71        ;
;                                             ;           ;
; Logic elements by mode                      ;           ;
;     -- normal mode                          ; 1662      ;
;     -- arithmetic mode                      ; 90        ;
;                                             ;           ;
; Total registers                             ; 1054      ;
;     -- Dedicated logic registers            ; 1054      ;
;     -- I/O registers                        ; 0         ;
;                                             ;           ;
; I/O pins                                    ; 163       ;
;                                             ;           ;
; Embedded Multiplier 9-bit elements          ; 0         ;
;                                             ;           ;
; Maximum fan-out node                        ; clk~input ;
; Maximum fan-out                             ; 1054      ;
; Total fan-out                               ; 10200     ;
; Average fan-out                             ; 3.26      ;
+---------------------------------------------+-----------+


+--------------------------------------------------------------------------------------------------------------------------------------------------------------------------------------------------------------------------------------------------------------------+
; Analysis & Synthesis Resource Utilization by Entity                                                                                                                                                                                                                ;
+----------------------------+---------------------+---------------------------+-------------+------------+--------------+---------+-----------+------+--------------+------------+-----------------------------------------------------+-------------+--------------+
; Compilation Hierarchy Node ; Combinational ALUTs ; Dedicated Logic Registers ; Memory Bits ; UFM Blocks ; DSP Elements ; DSP 9x9 ; DSP 18x18 ; Pins ; Virtual Pins ; ADC blocks ; Full Hierarchy Name                                 ; Entity Name ; Library Name ;
+----------------------------+---------------------+---------------------------+-------------+------------+--------------+---------+-----------+------+--------------+------------+-----------------------------------------------------+-------------+--------------+
; |mips                      ; 1752 (0)            ; 1054 (0)                  ; 0           ; 0          ; 0            ; 0       ; 0         ; 163  ; 0            ; 0          ; |mips                                               ; mips        ; work         ;
;    |controller:c|          ; 39 (21)             ; 0 (0)                     ; 0           ; 0          ; 0            ; 0       ; 0         ; 0    ; 0            ; 0          ; |mips|controller:c                                  ; controller  ; work         ;
;       |aludec:ad|          ; 7 (7)               ; 0 (0)                     ; 0           ; 0          ; 0            ; 0       ; 0         ; 0    ; 0            ; 0          ; |mips|controller:c|aludec:ad                        ; aludec      ; work         ;
;       |maindec:md|         ; 11 (11)             ; 0 (0)                     ; 0           ; 0          ; 0            ; 0       ; 0         ; 0    ; 0            ; 0          ; |mips|controller:c|maindec:md                       ; maindec     ; work         ;
;    |datapath:dp|           ; 1713 (0)            ; 1054 (0)                  ; 0           ; 0          ; 0            ; 0       ; 0         ; 0    ; 0            ; 0          ; |mips|datapath:dp                                   ; datapath    ; work         ;
;       |adder:pcadd1|       ; 30 (30)             ; 0 (0)                     ; 0           ; 0          ; 0            ; 0       ; 0         ; 0    ; 0            ; 0          ; |mips|datapath:dp|adder:pcadd1                      ; adder       ; work         ;
;       |adder:pcadd2|       ; 38 (38)             ; 0 (0)                     ; 0           ; 0          ; 0            ; 0       ; 0         ; 0    ; 0            ; 0          ; |mips|datapath:dp|adder:pcadd2                      ; adder       ; work         ;
;       |alu:alu|            ; 132 (0)             ; 0 (0)                     ; 0           ; 0          ; 0            ; 0       ; 0         ; 0    ; 0            ; 0          ; |mips|datapath:dp|alu:alu                           ; alu         ; work         ;
;          |addof:aaa|       ; 33 (33)             ; 0 (0)                     ; 0           ; 0          ; 0            ; 0       ; 0         ; 0    ; 0            ; 0          ; |mips|datapath:dp|alu:alu|addof:aaa                 ; addof       ; work         ;
;          |mux2_1_32:m1|    ; 32 (32)             ; 0 (0)                     ; 0           ; 0          ; 0            ; 0       ; 0         ; 0    ; 0            ; 0          ; |mips|datapath:dp|alu:alu|mux2_1_32:m1              ; mux2_1_32   ; work         ;
;          |mux4_1_32:m2|    ; 67 (0)              ; 0 (0)                     ; 0           ; 0          ; 0            ; 0       ; 0         ; 0    ; 0            ; 0          ; |mips|datapath:dp|alu:alu|mux4_1_32:m2              ; mux4_1_32   ; work         ;
;             |mux2_1_32:p1| ; 32 (32)             ; 0 (0)                     ; 0           ; 0          ; 0            ; 0       ; 0         ; 0    ; 0            ; 0          ; |mips|datapath:dp|alu:alu|mux4_1_32:m2|mux2_1_32:p1 ; mux2_1_32   ; work         ;
;             |mux2_1_32:p3| ; 35 (35)             ; 0 (0)                     ; 0           ; 0          ; 0            ; 0       ; 0         ; 0    ; 0            ; 0          ; |mips|datapath:dp|alu:alu|mux4_1_32:m2|mux2_1_32:p3 ; mux2_1_32   ; work         ;
;       |flopr:pcreg|        ; 47 (47)             ; 30 (30)                   ; 0           ; 0          ; 0            ; 0       ; 0         ; 0    ; 0            ; 0          ; |mips|datapath:dp|flopr:pcreg                       ; flopr       ; work         ;
;       |mux2:resmux|        ; 33 (33)             ; 0 (0)                     ; 0           ; 0          ; 0            ; 0       ; 0         ; 0    ; 0            ; 0          ; |mips|datapath:dp|mux2:resmux                       ; mux2        ; work         ;
;       |mux2:srcbmux|       ; 32 (32)             ; 0 (0)                     ; 0           ; 0          ; 0            ; 0       ; 0         ; 0    ; 0            ; 0          ; |mips|datapath:dp|mux2:srcbmux                      ; mux2        ; work         ;
;       |mux2:wrmux|         ; 5 (5)               ; 0 (0)                     ; 0           ; 0          ; 0            ; 0       ; 0         ; 0    ; 0            ; 0          ; |mips|datapath:dp|mux2:wrmux                        ; mux2        ; work         ;
;       |regfile:rf|         ; 1396 (1396)         ; 1024 (1024)               ; 0           ; 0          ; 0            ; 0       ; 0         ; 0    ; 0            ; 0          ; |mips|datapath:dp|regfile:rf                        ; regfile     ; work         ;
+----------------------------+---------------------+---------------------------+-------------+------------+--------------+---------+-----------+------+--------------+------------+-----------------------------------------------------+-------------+--------------+
Note: For table entries with two numbers listed, the numbers in parentheses indicate the number of resources of the given type used by the specific entity alone. The numbers listed outside of parentheses indicate the total resources of the given type used by the specific entity and all of its sub-entities in the hierarchy.


+----------------------------------------------------------------------------------+
; Registers Removed During Synthesis                                               ;
+---------------------------------------+------------------------------------------+
; Register name                         ; Reason for Removal                       ;
+---------------------------------------+------------------------------------------+
; datapath:dp|flopr:pcreg|q[1]          ; Merged with datapath:dp|flopr:pcreg|q[0] ;
; datapath:dp|flopr:pcreg|q[0]          ; Stuck at GND due to stuck port data_in   ;
; Total Number of Removed Registers = 2 ;                                          ;
+---------------------------------------+------------------------------------------+


+------------------------------------------------------+
; General Register Statistics                          ;
+----------------------------------------------+-------+
; Statistic                                    ; Value ;
+----------------------------------------------+-------+
; Total registers                              ; 1054  ;
; Number of registers using Synchronous Clear  ; 0     ;
; Number of registers using Synchronous Load   ; 26    ;
; Number of registers using Asynchronous Clear ; 30    ;
; Number of registers using Asynchronous Load  ; 0     ;
; Number of registers using Clock Enable       ; 1024  ;
; Number of registers using Preset             ; 0     ;
+----------------------------------------------+-------+


+--------------------------------------------------------------------------------------------------------------------------------------------------+
; Multiplexer Restructuring Statistics (Restructuring Performed)                                                                                   ;
+--------------------+-----------+---------------+----------------------+------------------------+------------+------------------------------------+
; Multiplexer Inputs ; Bus Width ; Baseline Area ; Area if Restructured ; Saving if Restructured ; Registered ; Example Multiplexer Output         ;
+--------------------+-----------+---------------+----------------------+------------------------+------------+------------------------------------+
; 3:1                ; 26 bits   ; 52 LEs        ; 52 LEs               ; 0 LEs                  ; Yes        ; |mips|datapath:dp|flopr:pcreg|q[7] ;
+--------------------+-----------+---------------+----------------------+------------------------+------------+------------------------------------+


+----------------------------------------------------------------------+
; Parameter Settings for User Entity Instance: datapath:dp|flopr:pcreg ;
+----------------+-------+---------------------------------------------+
; Parameter Name ; Value ; Type                                        ;
+----------------+-------+---------------------------------------------+
; WIDTH          ; 32    ; Signed Integer                              ;
+----------------+-------+---------------------------------------------+
Note: In order to hide this table in the UI and the text report file, please set the "Show Parameter Settings in Synthesis Report" option in "Analysis and Synthesis Settings -> More Settings" to "Off".


+-----------------------------------------------------------------------+
; Parameter Settings for User Entity Instance: datapath:dp|mux2:pcbrmux ;
+----------------+-------+----------------------------------------------+
; Parameter Name ; Value ; Type                                         ;
+----------------+-------+----------------------------------------------+
; WIDTH          ; 32    ; Signed Integer                               ;
+----------------+-------+----------------------------------------------+
Note: In order to hide this table in the UI and the text report file, please set the "Show Parameter Settings in Synthesis Report" option in "Analysis and Synthesis Settings -> More Settings" to "Off".


+---------------------------------------------------------------------+
; Parameter Settings for User Entity Instance: datapath:dp|mux2:pcmux ;
+----------------+-------+--------------------------------------------+
; Parameter Name ; Value ; Type                                       ;
+----------------+-------+--------------------------------------------+
; WIDTH          ; 32    ; Signed Integer                             ;
+----------------+-------+--------------------------------------------+
Note: In order to hide this table in the UI and the text report file, please set the "Show Parameter Settings in Synthesis Report" option in "Analysis and Synthesis Settings -> More Settings" to "Off".


+---------------------------------------------------------------------+
; Parameter Settings for User Entity Instance: datapath:dp|mux2:wrmux ;
+----------------+-------+--------------------------------------------+
; Parameter Name ; Value ; Type                                       ;
+----------------+-------+--------------------------------------------+
; WIDTH          ; 5     ; Signed Integer                             ;
+----------------+-------+--------------------------------------------+
Note: In order to hide this table in the UI and the text report file, please set the "Show Parameter Settings in Synthesis Report" option in "Analysis and Synthesis Settings -> More Settings" to "Off".


+----------------------------------------------------------------------+
; Parameter Settings for User Entity Instance: datapath:dp|mux2:resmux ;
+----------------+-------+---------------------------------------------+
; Parameter Name ; Value ; Type                                        ;
+----------------+-------+---------------------------------------------+
; WIDTH          ; 32    ; Signed Integer                              ;
+----------------+-------+---------------------------------------------+
Note: In order to hide this table in the UI and the text report file, please set the "Show Parameter Settings in Synthesis Report" option in "Analysis and Synthesis Settings -> More Settings" to "Off".


+-----------------------------------------------------------------------+
; Parameter Settings for User Entity Instance: datapath:dp|mux2:srcbmux ;
+----------------+-------+----------------------------------------------+
; Parameter Name ; Value ; Type                                         ;
+----------------+-------+----------------------------------------------+
; WIDTH          ; 32    ; Signed Integer                               ;
+----------------+-------+----------------------------------------------+
Note: In order to hide this table in the UI and the text report file, please set the "Show Parameter Settings in Synthesis Report" option in "Analysis and Synthesis Settings -> More Settings" to "Off".


+-------------------------------------------------------------------------------------------------------------------------------------+
; Port Connectivity Checks: "datapath:dp|alu:alu"                                                                                     ;
+------+--------+----------+----------------------------------------------------------------------------------------------------------+
; Port ; Type   ; Severity ; Details                                                                                                  ;
+------+--------+----------+----------------------------------------------------------------------------------------------------------+
; OF   ; Output ; Warning  ; Declared by entity but not connected by instance. Logic that only feeds a dangling port will be removed. ;
+------+--------+----------+----------------------------------------------------------------------------------------------------------+


+----------------------------------------------------+
; Port Connectivity Checks: "datapath:dp|mux2:pcmux" ;
+----------+-------+----------+----------------------+
; Port     ; Type  ; Severity ; Details              ;
+----------+-------+----------+----------------------+
; d1[1..0] ; Input ; Info     ; Stuck at GND         ;
+----------+-------+----------+----------------------+


+------------------------------------------------------+
; Port Connectivity Checks: "datapath:dp|adder:pcadd1" ;
+----------+-------+----------+------------------------+
; Port     ; Type  ; Severity ; Details                ;
+----------+-------+----------+------------------------+
; b[31..3] ; Input ; Info     ; Stuck at GND           ;
; b[1..0]  ; Input ; Info     ; Stuck at GND           ;
; b[2]     ; Input ; Info     ; Stuck at VCC           ;
+----------+-------+----------+------------------------+


+-----------------------------------------------------+
; Post-Synthesis Netlist Statistics for Top Partition ;
+-----------------------+-----------------------------+
; Type                  ; Count                       ;
+-----------------------+-----------------------------+
; boundary_port         ; 163                         ;
; cycloneiii_ff         ; 1054                        ;
;     CLR               ; 4                           ;
;     CLR SLD           ; 26                          ;
;     ENA               ; 1024                        ;
; cycloneiii_lcell_comb ; 1754                        ;
;     arith             ; 90                          ;
;         2 data inputs ; 30                          ;
;         3 data inputs ; 60                          ;
;     normal            ; 1664                        ;
;         0 data inputs ; 1                           ;
;         1 data inputs ; 2                           ;
;         2 data inputs ; 40                          ;
;         3 data inputs ; 77                          ;
;         4 data inputs ; 1544                        ;
;                       ;                             ;
; Max LUT depth         ; 16.60                       ;
; Average LUT depth     ; 12.74                       ;
+-----------------------+-----------------------------+


+-------------------------------+
; Elapsed Time Per Partition    ;
+----------------+--------------+
; Partition Name ; Elapsed Time ;
+----------------+--------------+
; Top            ; 00:00:02     ;
+----------------+--------------+


+-------------------------------+
; Analysis & Synthesis Messages ;
+-------------------------------+
Info: *******************************************************************
Info: Running Quartus Prime Analysis & Synthesis
    Info: Version 23.1std.1 Build 993 05/14/2024 SC Lite Edition
    Info: Processing started: Fri Mar 21 17:47:47 2025
Info: Command: quartus_map --read_settings_files=on --write_settings_files=off mipstop -c mipstop
Warning (18236): Number of processors has not been specified which may cause overloading on shared machines.  Set the global assignment NUM_PARALLEL_PROCESSORS in your QSF to an appropriate value for best performance.
Info (20030): Parallel compilation is enabled and will use 12 of the 12 processors detected
Info (12021): Found 2 design units, including 2 entities, in source file /users/panda/documents/ece texts books/ece 469/ece469/lab6/provided/mipsmem.sv
    Info (12023): Found entity 1: dmem File: C:/Users/panda/Documents/ece texts books/ece 469/ECE469/lab6/provided/mipsmem.sv Line: 3
    Info (12023): Found entity 2: imem File: C:/Users/panda/Documents/ece texts books/ece 469/ECE469/lab6/provided/mipsmem.sv Line: 16
Info (12021): Found 1 design units, including 1 entities, in source file /users/panda/documents/ece texts books/ece 469/ece469/lab6/alu stuff/zeroex.sv
    Info (12023): Found entity 1: zeroEX File: C:/Users/panda/Documents/ece texts books/ece 469/ECE469/lab6/alu stuff/zeroEX.sv Line: 1
Info (12021): Found 1 design units, including 1 entities, in source file /users/panda/documents/ece texts books/ece 469/ece469/lab6/alu stuff/mux4_1_32.sv
    Info (12023): Found entity 1: mux4_1_32 File: C:/Users/panda/Documents/ece texts books/ece 469/ECE469/lab6/alu stuff/mux4_1_32.sv Line: 1
Info (12021): Found 1 design units, including 1 entities, in source file /users/panda/documents/ece texts books/ece 469/ece469/lab6/alu stuff/mux2_1_32.sv
    Info (12023): Found entity 1: mux2_1_32 File: C:/Users/panda/Documents/ece texts books/ece 469/ECE469/lab6/alu stuff/mux2_1_32.sv Line: 1
Info (12021): Found 1 design units, including 1 entities, in source file /users/panda/documents/ece texts books/ece 469/ece469/lab6/alu stuff/mux2_1_1.sv
    Info (12023): Found entity 1: mux2_1_1 File: C:/Users/panda/Documents/ece texts books/ece 469/ECE469/lab6/alu stuff/mux2_1_1.sv Line: 1
Info (12021): Found 1 design units, including 1 entities, in source file /users/panda/documents/ece texts books/ece 469/ece469/lab6/alu stuff/extend1_32.sv
    Info (12023): Found entity 1: extend1_32 File: C:/Users/panda/Documents/ece texts books/ece 469/ECE469/lab6/alu stuff/extend1_32.sv Line: 1
Info (12021): Found 1 design units, including 1 entities, in source file /users/panda/documents/ece texts books/ece 469/ece469/lab6/alu stuff/alu.sv
    Info (12023): Found entity 1: alu File: C:/Users/panda/Documents/ece texts books/ece 469/ECE469/lab6/alu stuff/alu.sv Line: 1
Info (12021): Found 1 design units, including 1 entities, in source file /users/panda/documents/ece texts books/ece 469/ece469/lab6/alu stuff/addof.sv
    Info (12023): Found entity 1: addof File: C:/Users/panda/Documents/ece texts books/ece 469/ECE469/lab6/alu stuff/addof.sv Line: 1
Info (12021): Found 1 design units, including 1 entities, in source file /users/panda/documents/ece texts books/ece 469/ece469/lab6/provided/mipstop.sv
    Info (12023): Found entity 1: top File: C:/Users/panda/Documents/ece texts books/ece 469/ECE469/lab6/provided/mipstop.sv Line: 5
Info (12021): Found 7 design units, including 7 entities, in source file /users/panda/documents/ece texts books/ece 469/ece469/lab6/provided/mipsparts.sv
    Info (12023): Found entity 1: regfile File: C:/Users/panda/Documents/ece texts books/ece 469/ECE469/lab6/provided/mipsparts.sv Line: 3
    Info (12023): Found entity 2: adder File: C:/Users/panda/Documents/ece texts books/ece 469/ECE469/lab6/provided/mipsparts.sv Line: 20
    Info (12023): Found entity 3: sl2 File: C:/Users/panda/Documents/ece texts books/ece 469/ECE469/lab6/provided/mipsparts.sv Line: 26
    Info (12023): Found entity 4: signext File: C:/Users/panda/Documents/ece texts books/ece 469/ECE469/lab6/provided/mipsparts.sv Line: 32
    Info (12023): Found entity 5: flopr File: C:/Users/panda/Documents/ece texts books/ece 469/ECE469/lab6/provided/mipsparts.sv Line: 38
    Info (12023): Found entity 6: flopenr File: C:/Users/panda/Documents/ece texts books/ece 469/ECE469/lab6/provided/mipsparts.sv Line: 48
    Info (12023): Found entity 7: mux2 File: C:/Users/panda/Documents/ece texts books/ece 469/ECE469/lab6/provided/mipsparts.sv Line: 58
Info (12021): Found 5 design units, including 5 entities, in source file /users/panda/documents/ece texts books/ece 469/ece469/lab6/provided/mips.sv
    Info (12023): Found entity 1: mips File: C:/Users/panda/Documents/ece texts books/ece 469/ECE469/lab6/provided/mips.sv Line: 5
    Info (12023): Found entity 2: controller File: C:/Users/panda/Documents/ece texts books/ece 469/ECE469/lab6/provided/mips.sv Line: 28
    Info (12023): Found entity 3: maindec File: C:/Users/panda/Documents/ece texts books/ece 469/ECE469/lab6/provided/mips.sv Line: 47
    Info (12023): Found entity 4: aludec File: C:/Users/panda/Documents/ece texts books/ece 469/ECE469/lab6/provided/mips.sv Line: 72
    Info (12023): Found entity 5: datapath File: C:/Users/panda/Documents/ece texts books/ece 469/ECE469/lab6/provided/mips.sv Line: 91
Info (12127): Elaborating entity "mips" for the top level hierarchy
Info (12128): Elaborating entity "controller" for hierarchy "controller:c" File: C:/Users/panda/Documents/ece texts books/ece 469/ECE469/lab6/provided/mips.sv Line: 20
Info (12128): Elaborating entity "maindec" for hierarchy "controller:c|maindec:md" File: C:/Users/panda/Documents/ece texts books/ece 469/ECE469/lab6/provided/mips.sv Line: 41
Info (12128): Elaborating entity "aludec" for hierarchy "controller:c|aludec:ad" File: C:/Users/panda/Documents/ece texts books/ece 469/ECE469/lab6/provided/mips.sv Line: 42
Info (12128): Elaborating entity "datapath" for hierarchy "datapath:dp" File: C:/Users/panda/Documents/ece texts books/ece 469/ECE469/lab6/provided/mips.sv Line: 25
Info (12128): Elaborating entity "flopr" for hierarchy "datapath:dp|flopr:pcreg" File: C:/Users/panda/Documents/ece texts books/ece 469/ECE469/lab6/provided/mips.sv Line: 109
Info (12128): Elaborating entity "adder" for hierarchy "datapath:dp|adder:pcadd1" File: C:/Users/panda/Documents/ece texts books/ece 469/ECE469/lab6/provided/mips.sv Line: 110
Info (12128): Elaborating entity "sl2" for hierarchy "datapath:dp|sl2:immsh" File: C:/Users/panda/Documents/ece texts books/ece 469/ECE469/lab6/provided/mips.sv Line: 111
Info (12128): Elaborating entity "mux2" for hierarchy "datapath:dp|mux2:pcbrmux" File: C:/Users/panda/Documents/ece texts books/ece 469/ECE469/lab6/provided/mips.sv Line: 113
Info (12128): Elaborating entity "regfile" for hierarchy "datapath:dp|regfile:rf" File: C:/Users/panda/Documents/ece texts books/ece 469/ECE469/lab6/provided/mips.sv Line: 120
Info (12128): Elaborating entity "mux2" for hierarchy "datapath:dp|mux2:wrmux" File: C:/Users/panda/Documents/ece texts books/ece 469/ECE469/lab6/provided/mips.sv Line: 121
Info (12128): Elaborating entity "signext" for hierarchy "datapath:dp|signext:se" File: C:/Users/panda/Documents/ece texts books/ece 469/ECE469/lab6/provided/mips.sv Line: 123
Info (12128): Elaborating entity "alu" for hierarchy "datapath:dp|alu:alu" File: C:/Users/panda/Documents/ece texts books/ece 469/ECE469/lab6/provided/mips.sv Line: 127
Info (12128): Elaborating entity "mux2_1_32" for hierarchy "datapath:dp|alu:alu|mux2_1_32:m1" File: C:/Users/panda/Documents/ece texts books/ece 469/ECE469/lab6/alu stuff/alu.sv Line: 8
Info (12128): Elaborating entity "extend1_32" for hierarchy "datapath:dp|alu:alu|mux2_1_32:m1|extend1_32:extend" File: C:/Users/panda/Documents/ece texts books/ece 469/ECE469/lab6/alu stuff/mux2_1_32.sv Line: 5
Info (12128): Elaborating entity "addof" for hierarchy "datapath:dp|alu:alu|addof:aaa" File: C:/Users/panda/Documents/ece texts books/ece 469/ECE469/lab6/alu stuff/alu.sv Line: 11
Info (12128): Elaborating entity "zeroEX" for hierarchy "datapath:dp|alu:alu|zeroEX:z1" File: C:/Users/panda/Documents/ece texts books/ece 469/ECE469/lab6/alu stuff/alu.sv Line: 14
Info (12128): Elaborating entity "mux4_1_32" for hierarchy "datapath:dp|alu:alu|mux4_1_32:m2" File: C:/Users/panda/Documents/ece texts books/ece 469/ECE469/lab6/alu stuff/alu.sv Line: 16
Info (276014): Found 1 instances of uninferred RAM logic
    Info (276007): RAM logic "datapath:dp|regfile:rf|rf" is uninferred due to asynchronous read logic File: C:/Users/panda/Documents/ece texts books/ece 469/ECE469/lab6/provided/mipsparts.sv Line: 8
Warning (12241): 1 hierarchies have connectivity warnings - see the Connectivity Checks report folder
Warning (13024): Output pins are stuck at VCC or GND
    Warning (13410): Pin "pc[0]" is stuck at GND File: C:/Users/panda/Documents/ece texts books/ece 469/ECE469/lab6/provided/mips.sv Line: 6
    Warning (13410): Pin "pc[1]" is stuck at GND File: C:/Users/panda/Documents/ece texts books/ece 469/ECE469/lab6/provided/mips.sv Line: 6
Info (286030): Timing-Driven Synthesis is running
Info (144001): Generated suppressed messages file C:/Users/panda/Documents/ece texts books/ece 469/ECE469/lab6/quartus/output_files/mipstop.map.smsg
Info (16010): Generating hard_block partition "hard_block:auto_generated_inst"
    Info (16011): Adding 0 node(s), including 0 DDIO, 0 PLL, 0 transceiver and 0 LCELL
Info (21057): Implemented 2939 device resources after synthesis - the final resource count might be different
    Info (21058): Implemented 66 input pins
    Info (21059): Implemented 97 output pins
    Info (21061): Implemented 2776 logic cells
Info: Quartus Prime Analysis & Synthesis was successful. 0 errors, 5 warnings
    Info: Peak virtual memory: 4858 megabytes
    Info: Processing ended: Fri Mar 21 17:47:56 2025
    Info: Elapsed time: 00:00:09
    Info: Total CPU time (on all processors): 00:00:16


+------------------------------------------+
; Analysis & Synthesis Suppressed Messages ;
+------------------------------------------+
The suppressed messages can be found in C:/Users/panda/Documents/ece texts books/ece 469/ECE469/lab6/quartus/output_files/mipstop.map.smsg.


